Archive member included to satisfy reference by file (symbol)

c:/eclipse/plugins/fr.ac6.mcu.externaltools.arm-none.win32_1.15.0.201708311556/tools/compiler/bin/../lib/gcc/arm-none-eabi/6.3.1/thumb/v6-m\libgcc.a(_udivsi3.o)
                              Drivers/STM32F0xx_HAL_Driver/Src/stm32f0xx_hal.o (__aeabi_uidiv)
c:/eclipse/plugins/fr.ac6.mcu.externaltools.arm-none.win32_1.15.0.201708311556/tools/compiler/bin/../lib/gcc/arm-none-eabi/6.3.1/thumb/v6-m\libgcc.a(_divsi3.o)
                              Menuitems/menu_l1_top.o (__aeabi_idiv)
c:/eclipse/plugins/fr.ac6.mcu.externaltools.arm-none.win32_1.15.0.201708311556/tools/compiler/bin/../lib/gcc/arm-none-eabi/6.3.1/thumb/v6-m\libgcc.a(_dvmd_tls.o)
                              c:/eclipse/plugins/fr.ac6.mcu.externaltools.arm-none.win32_1.15.0.201708311556/tools/compiler/bin/../lib/gcc/arm-none-eabi/6.3.1/thumb/v6-m\libgcc.a(_udivsi3.o) (__aeabi_idiv0)
c:/eclipse/plugins/fr.ac6.mcu.externaltools.arm-none.win32_1.15.0.201708311556/tools/compiler/bin/../lib/gcc/arm-none-eabi/6.3.1/../../../../arm-none-eabi/lib/thumb/v6-m\libc_nano.a(lib_a-exit.o)
                              c:/eclipse/plugins/fr.ac6.mcu.externaltools.arm-none.win32_1.15.0.201708311556/tools/compiler/bin/../lib/gcc/arm-none-eabi/6.3.1/../../../../arm-none-eabi/lib/thumb/v6-m/crt0.o (exit)
c:/eclipse/plugins/fr.ac6.mcu.externaltools.arm-none.win32_1.15.0.201708311556/tools/compiler/bin/../lib/gcc/arm-none-eabi/6.3.1/../../../../arm-none-eabi/lib/thumb/v6-m\libc_nano.a(lib_a-impure.o)
                              c:/eclipse/plugins/fr.ac6.mcu.externaltools.arm-none.win32_1.15.0.201708311556/tools/compiler/bin/../lib/gcc/arm-none-eabi/6.3.1/../../../../arm-none-eabi/lib/thumb/v6-m\libc_nano.a(lib_a-exit.o) (_global_impure_ptr)
c:/eclipse/plugins/fr.ac6.mcu.externaltools.arm-none.win32_1.15.0.201708311556/tools/compiler/bin/../lib/gcc/arm-none-eabi/6.3.1/../../../../arm-none-eabi/lib/thumb/v6-m\libc_nano.a(lib_a-init.o)
                              c:/eclipse/plugins/fr.ac6.mcu.externaltools.arm-none.win32_1.15.0.201708311556/tools/compiler/bin/../lib/gcc/arm-none-eabi/6.3.1/../../../../arm-none-eabi/lib/thumb/v6-m/crt0.o (__libc_init_array)
c:/eclipse/plugins/fr.ac6.mcu.externaltools.arm-none.win32_1.15.0.201708311556/tools/compiler/bin/../lib/gcc/arm-none-eabi/6.3.1/../../../../arm-none-eabi/lib/thumb/v6-m\libc_nano.a(lib_a-memcpy-stub.o)
                              Menuitems/menu_l1_top.o (memcpy)
c:/eclipse/plugins/fr.ac6.mcu.externaltools.arm-none.win32_1.15.0.201708311556/tools/compiler/bin/../lib/gcc/arm-none-eabi/6.3.1/../../../../arm-none-eabi/lib/thumb/v6-m\libc_nano.a(lib_a-memset.o)
                              c:/eclipse/plugins/fr.ac6.mcu.externaltools.arm-none.win32_1.15.0.201708311556/tools/compiler/bin/../lib/gcc/arm-none-eabi/6.3.1/../../../../arm-none-eabi/lib/thumb/v6-m/crt0.o (memset)
c:/eclipse/plugins/fr.ac6.mcu.externaltools.arm-none.win32_1.15.0.201708311556/tools/compiler/bin/../lib/gcc/arm-none-eabi/6.3.1/../../../../arm-none-eabi/lib/thumb/v6-m\libnosys.a(_exit.o)
                              c:/eclipse/plugins/fr.ac6.mcu.externaltools.arm-none.win32_1.15.0.201708311556/tools/compiler/bin/../lib/gcc/arm-none-eabi/6.3.1/../../../../arm-none-eabi/lib/thumb/v6-m\libc_nano.a(lib_a-exit.o) (_exit)

Allocating common symbols
Common symbol       size              file

quad_kdn_length     0x4               Src/stm32f0xx_it.o
g_sysIssue          0x1               Src/main.o
g_time_backup       0xa               Src/main.o
f_wordEnd           0x1               Menuitems/menu_l0_intro.o
g_dim               0x1               Src/main.o
g_decayReg          0x10              Src/main.o
f_lineEnd           0x1               Menuitems/menu_l0_intro.o
decayCount          0x1               Menuitems/menu_l0_intro.o
curPage             0x1               Menuitems/menu_l1_top.o
hi2c1               0x4c              Src/main.o
hiwdg               0x10              Src/main.o
quad_flag           0x3               Src/stm32f0xx_it.o
dateDisp            0x1               Menuitems/menu_l1_top.o
cnt                 0x1               Src/stm32f0xx_it.o
htim17              0x40              Src/main.o
quad_kdn            0x1               Src/stm32f0xx_it.o
uwTick              0x4               Drivers/STM32F0xx_HAL_Driver/Src/stm32f0xx_hal.o
quad_in             0x3               Src/stm32f0xx_it.o
g_scheme_reg        0x70              Src/main.o
g_digitDim          0x1               Src/main.o
pFlash              0x20              Drivers/STM32F0xx_HAL_Driver/Src/stm32f0xx_hal_flash.o
g_freshPON          0x1               Src/main.o
pageSwAnim_fsm      0x1               Menuitems/menu_l1_top.o
quad_rotate         0x1               Src/stm32f0xx_it.o
g_time_reference    0xa               Src/main.o
c_pos               0x1               Menuitems/menu_l0_intro.o
digitEditPtr        0x1               Menuitems/menu_l1_top.o
quad_fw_rvn         0x1               Src/stm32f0xx_it.o
[...]
Memory Configuration

Name             Origin             Length             Attributes
RAM              0x20000000         0x00001800         xrw
FLASH            0x08000000         0x00008000         xr
*default*        0x00000000         0xffffffff

Linker script and memory map

LOAD c:/eclipse/plugins/fr.ac6.mcu.externaltools.arm-none.win32_1.15.0.201708311556/tools/compiler/bin/../lib/gcc/arm-none-eabi/6.3.1/thumb/v6-m/crti.o
LOAD c:/eclipse/plugins/fr.ac6.mcu.externaltools.arm-none.win32_1.15.0.201708311556/tools/compiler/bin/../lib/gcc/arm-none-eabi/6.3.1/thumb/v6-m/crtbegin.o
LOAD c:/eclipse/plugins/fr.ac6.mcu.externaltools.arm-none.win32_1.15.0.201708311556/tools/compiler/bin/../lib/gcc/arm-none-eabi/6.3.1/../../../../arm-none-eabi/lib/thumb/v6-m/crt0.o
LOAD Drivers/STM32F0xx_HAL_Driver/Src/stm32f0xx_hal.o
LOAD Drivers/STM32F0xx_HAL_Driver/Src/stm32f0xx_hal_cortex.o
LOAD Drivers/STM32F0xx_HAL_Driver/Src/stm32f0xx_hal_dma.o
LOAD Drivers/STM32F0xx_HAL_Driver/Src/stm32f0xx_hal_flash.o
LOAD Drivers/STM32F0xx_HAL_Driver/Src/stm32f0xx_hal_flash_ex.o
LOAD Drivers/STM32F0xx_HAL_Driver/Src/stm32f0xx_hal_gpio.o
LOAD Drivers/STM32F0xx_HAL_Driver/Src/stm32f0xx_hal_i2c.o
LOAD Drivers/STM32F0xx_HAL_Driver/Src/stm32f0xx_hal_i2c_ex.o
LOAD Drivers/STM32F0xx_HAL_Driver/Src/stm32f0xx_hal_iwdg.o
LOAD Drivers/STM32F0xx_HAL_Driver/Src/stm32f0xx_hal_pwr.o
LOAD Drivers/STM32F0xx_HAL_Driver/Src/stm32f0xx_hal_pwr_ex.o
LOAD Drivers/STM32F0xx_HAL_Driver/Src/stm32f0xx_hal_rcc.o
LOAD Drivers/STM32F0xx_HAL_Driver/Src/stm32f0xx_hal_rcc_ex.o
LOAD Drivers/STM32F0xx_HAL_Driver/Src/stm32f0xx_hal_spi.o
LOAD Drivers/STM32F0xx_HAL_Driver/Src/stm32f0xx_hal_spi_ex.o
LOAD Drivers/STM32F0xx_HAL_Driver/Src/stm32f0xx_hal_tim.o
LOAD Drivers/STM32F0xx_HAL_Driver/Src/stm32f0xx_hal_tim_ex.o
LOAD Menuitems/menu_l0_intro.o
LOAD Menuitems/menu_l1_top.o
LOAD Src/LSYS_logic.o
LOAD Src/flora_BSP.o
LOAD Src/main.o
LOAD Src/stm32f0xx_hal_msp.o
LOAD Src/stm32f0xx_it.o
LOAD Src/system_stm32f0xx.o
LOAD startup/startup_stm32f042x6.o
LOAD c:/eclipse/plugins/fr.ac6.mcu.externaltools.arm-none.win32_1.15.0.201708311556/tools/compiler/bin/../lib/gcc/arm-none-eabi/6.3.1/../../../../arm-none-eabi/lib/thumb/v6-m\libm.a
START GROUP
LOAD c:/eclipse/plugins/fr.ac6.mcu.externaltools.arm-none.win32_1.15.0.201708311556/tools/compiler/bin/../lib/gcc/arm-none-eabi/6.3.1/thumb/v6-m\libgcc.a
LOAD c:/eclipse/plugins/fr.ac6.mcu.externaltools.arm-none.win32_1.15.0.201708311556/tools/compiler/bin/../lib/gcc/arm-none-eabi/6.3.1/../../../../arm-none-eabi/lib/thumb/v6-m\libc_nano.a
END GROUP
START GROUP
LOAD c:/eclipse/plugins/fr.ac6.mcu.externaltools.arm-none.win32_1.15.0.201708311556/tools/compiler/bin/../lib/gcc/arm-none-eabi/6.3.1/thumb/v6-m\libgcc.a
LOAD c:/eclipse/plugins/fr.ac6.mcu.externaltools.arm-none.win32_1.15.0.201708311556/tools/compiler/bin/../lib/gcc/arm-none-eabi/6.3.1/../../../../arm-none-eabi/lib/thumb/v6-m\libc_nano.a
LOAD c:/eclipse/plugins/fr.ac6.mcu.externaltools.arm-none.win32_1.15.0.201708311556/tools/compiler/bin/../lib/gcc/arm-none-eabi/6.3.1/../../../../arm-none-eabi/lib/thumb/v6-m\libnosys.a
END GROUP
START GROUP
LOAD c:/eclipse/plugins/fr.ac6.mcu.externaltools.arm-none.win32_1.15.0.201708311556/tools/compiler/bin/../lib/gcc/arm-none-eabi/6.3.1/thumb/v6-m\libgcc.a
LOAD c:/eclipse/plugins/fr.ac6.mcu.externaltools.arm-none.win32_1.15.0.201708311556/tools/compiler/bin/../lib/gcc/arm-none-eabi/6.3.1/../../../../arm-none-eabi/lib/thumb/v6-m\libc_nano.a
LOAD c:/eclipse/plugins/fr.ac6.mcu.externaltools.arm-none.win32_1.15.0.201708311556/tools/compiler/bin/../lib/gcc/arm-none-eabi/6.3.1/../../../../arm-none-eabi/lib/thumb/v6-m\libnosys.a
END GROUP
LOAD c:/eclipse/plugins/fr.ac6.mcu.externaltools.arm-none.win32_1.15.0.201708311556/tools/compiler/bin/../lib/gcc/arm-none-eabi/6.3.1/thumb/v6-m/crtend.o
LOAD c:/eclipse/plugins/fr.ac6.mcu.externaltools.arm-none.win32_1.15.0.201708311556/tools/compiler/bin/../lib/gcc/arm-none-eabi/6.3.1/thumb/v6-m/crtn.o
                0x20001800                _estack = 0x20001800
                0x00000200                _Min_Heap_Size = 0x200
                0x00000400                _Min_Stack_Size = 0x400

.isr_vector     0x08000000       0xc0
                0x08000000                . = ALIGN (0x4)
 *(.isr_vector)
 .isr_vector    0x08000000       0xc0 startup/startup_stm32f042x6.o
                0x08000000                g_pfnVectors
                0x080000c0                . = ALIGN (0x4)

.text           0x080000c0     0x4488
                0x080000c0                . = ALIGN (0x4)
 *(.text)
 .text          0x080000c0       0x60 c:/eclipse/plugins/fr.ac6.mcu.externaltools.arm-none.win32_1.15.0.201708311556/tools/compiler/bin/../lib/gcc/arm-none-eabi/6.3.1/thumb/v6-m/crtbegin.o
 .text          0x08000120      0x114 c:/eclipse/plugins/fr.ac6.mcu.externaltools.arm-none.win32_1.15.0.201708311556/tools/compiler/bin/../lib/gcc/arm-none-eabi/6.3.1/thumb/v6-m\libgcc.a(_udivsi3.o)
                0x08000120                __aeabi_uidiv
                0x08000120                __udivsi3
                0x0800022c                __aeabi_uidivmod
 .text          0x08000234      0x1d4 c:/eclipse/plugins/fr.ac6.mcu.externaltools.arm-none.win32_1.15.0.201708311556/tools/compiler/bin/../lib/gcc/arm-none-eabi/6.3.1/thumb/v6-m\libgcc.a(_divsi3.o)
                0x08000234                __divsi3
                0x08000234                __aeabi_idiv
                0x08000400                __aeabi_idivmod
 .text          0x08000408        0x4 c:/eclipse/plugins/fr.ac6.mcu.externaltools.arm-none.win32_1.15.0.201708311556/tools/compiler/bin/../lib/gcc/arm-none-eabi/6.3.1/thumb/v6-m\libgcc.a(_dvmd_tls.o)
                0x08000408                __aeabi_idiv0
                0x08000408                __aeabi_ldiv0
 *(.text*)
 .text.HAL_InitTick
                0x0800040c       0x24 Drivers/STM32F0xx_HAL_Driver/Src/stm32f0xx_hal.o
                0x0800040c                HAL_InitTick
 .text.HAL_Init
                0x08000430       0x20 Drivers/STM32F0xx_HAL_Driver/Src/stm32f0xx_hal.o
                0x08000430                HAL_Init
 .text.HAL_IncTick
                0x08000450       0x10 Drivers/STM32F0xx_HAL_Driver/Src/stm32f0xx_hal.o
                0x08000450                HAL_IncTick
 .text.HAL_GetTick
                0x08000460        0xc Drivers/STM32F0xx_HAL_Driver/Src/stm32f0xx_hal.o
                0x08000460                HAL_GetTick
 .text.HAL_Delay
                0x0800046c       0x22 Drivers/STM32F0xx_HAL_Driver/Src/stm32f0xx_hal.o
                0x0800046c                HAL_Delay
 *fill*         0x0800048e        0x2 
 .text.HAL_SuspendTick
                0x08000490       0x10 Drivers/STM32F0xx_HAL_Driver/Src/stm32f0xx_hal.o
                0x08000490                HAL_SuspendTick
 .text.HAL_ResumeTick
                0x080004a0       0x10 Drivers/STM32F0xx_HAL_Driver/Src/stm32f0xx_hal.o
                0x080004a0                HAL_ResumeTick
 .text.HAL_NVIC_SetPriority
                0x080004b0       0x64 Drivers/STM32F0xx_HAL_Driver/Src/stm32f0xx_hal_cortex.o
                0x080004b0                HAL_NVIC_SetPriority
 .text.HAL_NVIC_EnableIRQ
                0x08000514       0x14 Drivers/STM32F0xx_HAL_Driver/Src/stm32f0xx_hal_cortex.o
                0x08000514                HAL_NVIC_EnableIRQ
 .text.HAL_SYSTICK_Config
                0x08000528       0x38 Drivers/STM32F0xx_HAL_Driver/Src/stm32f0xx_hal_cortex.o
                0x08000528                HAL_SYSTICK_Config
 .text.HAL_SYSTICK_CLKSourceConfig
                0x08000560       0x20 Drivers/STM32F0xx_HAL_Driver/Src/stm32f0xx_hal_cortex.o
                0x08000560                HAL_SYSTICK_CLKSourceConfig
 .text.HAL_SYSTICK_Callback
                0x08000580        0x2 Drivers/STM32F0xx_HAL_Driver/Src/stm32f0xx_hal_cortex.o
                0x08000580                HAL_SYSTICK_Callback
 .text.HAL_SYSTICK_IRQHandler
                0x08000582        0x8 Drivers/STM32F0xx_HAL_Driver/Src/stm32f0xx_hal_cortex.o
                0x08000582                HAL_SYSTICK_IRQHandler
 *fill*         0x0800058a        0x2 
 .text.DMA_CalcBaseAndBitshift
                0x0800058c       0x28 Drivers/STM32F0xx_HAL_Driver/Src/stm32f0xx_hal_dma.o
 .text.HAL_DMA_Init
                0x080005b4       0x58 Drivers/STM32F0xx_HAL_Driver/Src/stm32f0xx_hal_dma.o
                0x080005b4                HAL_DMA_Init
 .text.HAL_GPIO_Init
                0x0800060c      0x180 Drivers/STM32F0xx_HAL_Driver/Src/stm32f0xx_hal_gpio.o
                0x0800060c                HAL_GPIO_Init
 .text.HAL_GPIO_ReadPin
                0x0800078c        0xe Drivers/STM32F0xx_HAL_Driver/Src/stm32f0xx_hal_gpio.o
                0x0800078c                HAL_GPIO_ReadPin
 .text.HAL_GPIO_WritePin
                0x0800079a        0xc Drivers/STM32F0xx_HAL_Driver/Src/stm32f0xx_hal_gpio.o
                0x0800079a                HAL_GPIO_WritePin
 .text.I2C_Flush_TXDR
                0x080007a6       0x1e Drivers/STM32F0xx_HAL_Driver/Src/stm32f0xx_hal_i2c.o
 .text.I2C_TransferConfig
                0x080007c4       0x24 Drivers/STM32F0xx_HAL_Driver/Src/stm32f0xx_hal_i2c.o
 .text.I2C_IsAcknowledgeFailed
                0x080007e8       0x78 Drivers/STM32F0xx_HAL_Driver/Src/stm32f0xx_hal_i2c.o
 .text.I2C_WaitOnTXISFlagUntilTimeout
                0x08000860       0x52 Drivers/STM32F0xx_HAL_Driver/Src/stm32f0xx_hal_i2c.o
 .text.I2C_WaitOnFlagUntilTimeout
                0x080008b2       0x48 Drivers/STM32F0xx_HAL_Driver/Src/stm32f0xx_hal_i2c.o
 .text.I2C_RequestMemoryWrite
                0x080008fa       0x84 Drivers/STM32F0xx_HAL_Driver/Src/stm32f0xx_hal_i2c.o
 .text.I2C_RequestMemoryRead
                0x0800097e       0x82 Drivers/STM32F0xx_HAL_Driver/Src/stm32f0xx_hal_i2c.o
 .text.I2C_WaitOnSTOPFlagUntilTimeout
                0x08000a00       0x4e Drivers/STM32F0xx_HAL_Driver/Src/stm32f0xx_hal_i2c.o
 *fill*         0x08000a4e        0x2 
 .text.HAL_I2C_Init
                0x08000a50       0xcc Drivers/STM32F0xx_HAL_Driver/Src/stm32f0xx_hal_i2c.o
                0x08000a50                HAL_I2C_Init
 .text.HAL_I2C_Mem_Write
                0x08000b1c      0x1c4 Drivers/STM32F0xx_HAL_Driver/Src/stm32f0xx_hal_i2c.o
                0x08000b1c                HAL_I2C_Mem_Write
 .text.HAL_I2C_Mem_Read
                0x08000ce0      0x1cc Drivers/STM32F0xx_HAL_Driver/Src/stm32f0xx_hal_i2c.o
                0x08000ce0                HAL_I2C_Mem_Read
 .text.HAL_I2CEx_ConfigAnalogFilter
                0x08000eac       0x58 Drivers/STM32F0xx_HAL_Driver/Src/stm32f0xx_hal_i2c_ex.o
                0x08000eac                HAL_I2CEx_ConfigAnalogFilter
 .text.HAL_I2CEx_ConfigDigitalFilter
                0x08000f04       0x54 Drivers/STM32F0xx_HAL_Driver/Src/stm32f0xx_hal_i2c_ex.o
                0x08000f04                HAL_I2CEx_ConfigDigitalFilter
 .text.HAL_IWDG_Init
                0x08000f58       0x60 Drivers/STM32F0xx_HAL_Driver/Src/stm32f0xx_hal_iwdg.o
                0x08000f58                HAL_IWDG_Init
 .text.HAL_IWDG_Refresh
                0x08000fb8       0x10 Drivers/STM32F0xx_HAL_Driver/Src/stm32f0xx_hal_iwdg.o
                0x08000fb8                HAL_IWDG_Refresh
 .text.HAL_PWR_EnterSLEEPMode
                0x08000fc8       0x20 Drivers/STM32F0xx_HAL_Driver/Src/stm32f0xx_hal_pwr.o
                0x08000fc8                HAL_PWR_EnterSLEEPMode
 .text.HAL_RCC_OscConfig
                0x08000fe8      0x4f8 Drivers/STM32F0xx_HAL_Driver/Src/stm32f0xx_hal_rcc.o
                0x08000fe8                HAL_RCC_OscConfig
 .text.HAL_RCC_GetSysClockFreq
                0x080014e0       0x94 Drivers/STM32F0xx_HAL_Driver/Src/stm32f0xx_hal_rcc.o
                0x080014e0                HAL_RCC_GetSysClockFreq
 .text.HAL_RCC_ClockConfig
                0x08001574      0x184 Drivers/STM32F0xx_HAL_Driver/Src/stm32f0xx_hal_rcc.o
                0x08001574                HAL_RCC_ClockConfig
 .text.HAL_RCC_GetHCLKFreq
                0x080016f8        0xc Drivers/STM32F0xx_HAL_Driver/Src/stm32f0xx_hal_rcc.o
                0x080016f8                HAL_RCC_GetHCLKFreq
 .text.HAL_RCCEx_PeriphCLKConfig
                0x08001704      0x140 Drivers/STM32F0xx_HAL_Driver/Src/stm32f0xx_hal_rcc_ex.o
                0x08001704                HAL_RCCEx_PeriphCLKConfig
 .text.SPI_WaitFlagStateUntilTimeout
                0x08001844       0xa0 Drivers/STM32F0xx_HAL_Driver/Src/stm32f0xx_hal_spi.o
 .text.SPI_WaitFifoStateUntilTimeout
                0x080018e4       0xb4 Drivers/STM32F0xx_HAL_Driver/Src/stm32f0xx_hal_spi.o
 .text.SPI_EndRxTxTransaction
                0x08001998       0x68 Drivers/STM32F0xx_HAL_Driver/Src/stm32f0xx_hal_spi.o
 .text.HAL_SPI_Init
                0x08001a00       0xcc Drivers/STM32F0xx_HAL_Driver/Src/stm32f0xx_hal_spi.o
                0x08001a00                HAL_SPI_Init
 .text.HAL_SPI_Transmit
                0x08001acc      0x1c2 Drivers/STM32F0xx_HAL_Driver/Src/stm32f0xx_hal_spi.o
                0x08001acc                HAL_SPI_Transmit
 *fill*         0x08001c8e        0x2 
 .text.TIM_OC1_SetConfig
                0x08001c90       0x7c Drivers/STM32F0xx_HAL_Driver/Src/stm32f0xx_hal_tim.o
 .text.TIM_OC3_SetConfig
                0x08001d0c       0x8c Drivers/STM32F0xx_HAL_Driver/Src/stm32f0xx_hal_tim.o
 .text.TIM_OC4_SetConfig
                0x08001d98       0x6c Drivers/STM32F0xx_HAL_Driver/Src/stm32f0xx_hal_tim.o
 .text.TIM_TI1_ConfigInputStage
                0x08001e04       0x22 Drivers/STM32F0xx_HAL_Driver/Src/stm32f0xx_hal_tim.o
 *fill*         0x08001e26        0x2 
 .text.TIM_TI2_ConfigInputStage
                0x08001e28       0x28 Drivers/STM32F0xx_HAL_Driver/Src/stm32f0xx_hal_tim.o
 .text.TIM_ITRx_SetConfig
                0x08001e50       0x12 Drivers/STM32F0xx_HAL_Driver/Src/stm32f0xx_hal_tim.o
 .text.HAL_TIM_Base_Start_IT
                0x08001e62       0x16 Drivers/STM32F0xx_HAL_Driver/Src/stm32f0xx_hal_tim.o
                0x08001e62                HAL_TIM_Base_Start_IT
 .text.HAL_TIM_PWM_MspInit
                0x08001e78        0x2 Drivers/STM32F0xx_HAL_Driver/Src/stm32f0xx_hal_tim.o
                0x08001e78                HAL_TIM_PWM_MspInit
 .text.HAL_TIM_OC_DelayElapsedCallback
                0x08001e7a        0x2 Drivers/STM32F0xx_HAL_Driver/Src/stm32f0xx_hal_tim.o
                0x08001e7a                HAL_TIM_OC_DelayElapsedCallback
 .text.HAL_TIM_IC_CaptureCallback
                0x08001e7c        0x2 Drivers/STM32F0xx_HAL_Driver/Src/stm32f0xx_hal_tim.o
                0x08001e7c                HAL_TIM_IC_CaptureCallback
 .text.HAL_TIM_PWM_PulseFinishedCallback
                0x08001e7e        0x2 Drivers/STM32F0xx_HAL_Driver/Src/stm32f0xx_hal_tim.o
                0x08001e7e                HAL_TIM_PWM_PulseFinishedCallback
 .text.HAL_TIM_TriggerCallback
                0x08001e80        0x2 Drivers/STM32F0xx_HAL_Driver/Src/stm32f0xx_hal_tim.o
                0x08001e80                HAL_TIM_TriggerCallback
 .text.HAL_TIM_IRQHandler
                0x08001e82      0x15a Drivers/STM32F0xx_HAL_Driver/Src/stm32f0xx_hal_tim.o
                0x08001e82                HAL_TIM_IRQHandler
 .text.TIM_Base_SetConfig
                0x08001fdc       0x98 Drivers/STM32F0xx_HAL_Driver/Src/stm32f0xx_hal_tim.o
                0x08001fdc                TIM_Base_SetConfig
 .text.HAL_TIM_Base_Init
                0x08002074       0x34 Drivers/STM32F0xx_HAL_Driver/Src/stm32f0xx_hal_tim.o
                0x08002074                HAL_TIM_Base_Init
 .text.HAL_TIM_PWM_Init
                0x080020a8       0x34 Drivers/STM32F0xx_HAL_Driver/Src/stm32f0xx_hal_tim.o
                0x080020a8                HAL_TIM_PWM_Init
 .text.TIM_OC2_SetConfig
                0x080020dc       0x80 Drivers/STM32F0xx_HAL_Driver/Src/stm32f0xx_hal_tim.o
                0x080020dc                TIM_OC2_SetConfig
 .text.HAL_TIM_PWM_ConfigChannel
                0x0800215c       0xec Drivers/STM32F0xx_HAL_Driver/Src/stm32f0xx_hal_tim.o
                0x0800215c                HAL_TIM_PWM_ConfigChannel
 .text.TIM_ETR_SetConfig
                0x08002248       0x18 Drivers/STM32F0xx_HAL_Driver/Src/stm32f0xx_hal_tim.o
                0x08002248                TIM_ETR_SetConfig
 .text.HAL_TIM_ConfigClockSource
                0x08002260      0x118 Drivers/STM32F0xx_HAL_Driver/Src/stm32f0xx_hal_tim.o
                0x08002260                HAL_TIM_ConfigClockSource
 .text.TIM_CCxChannelCmd
                0x08002378       0x16 Drivers/STM32F0xx_HAL_Driver/Src/stm32f0xx_hal_tim.o
                0x08002378                TIM_CCxChannelCmd
 *fill*         0x0800238e        0x2 
 .text.HAL_TIM_PWM_Start
                0x08002390       0x58 Drivers/STM32F0xx_HAL_Driver/Src/stm32f0xx_hal_tim.o
                0x08002390                HAL_TIM_PWM_Start
 .text.HAL_TIMEx_MasterConfigSynchronization
                0x080023e8       0x4c Drivers/STM32F0xx_HAL_Driver/Src/stm32f0xx_hal_tim_ex.o
                0x080023e8                HAL_TIMEx_MasterConfigSynchronization
 .text.HAL_TIMEx_ConfigBreakDeadTime
                0x08002434       0x7c Drivers/STM32F0xx_HAL_Driver/Src/stm32f0xx_hal_tim_ex.o
                0x08002434                HAL_TIMEx_ConfigBreakDeadTime
 .text.HAL_TIMEx_CommutationCallback
                0x080024b0        0x2 Drivers/STM32F0xx_HAL_Driver/Src/stm32f0xx_hal_tim_ex.o
                0x080024b0                HAL_TIMEx_CommutationCallback
 .text.HAL_TIMEx_BreakCallback
                0x080024b2        0x2 Drivers/STM32F0xx_HAL_Driver/Src/stm32f0xx_hal_tim_ex.o
                0x080024b2                HAL_TIMEx_BreakCallback
 .text.menu_l0_intro_enter
                0x080024b4       0x5c Menuitems/menu_l0_intro.o
                0x080024b4                menu_l0_intro_enter
 .text.menu_l0_intro_exit
                0x08002510        0x2 Menuitems/menu_l0_intro.o
                0x08002510                menu_l0_intro_exit
 *fill*         0x08002512        0x2 
 .text.menu_l0_intro_quad_event
                0x08002514       0x3c Menuitems/menu_l0_intro.o
                0x08002514                menu_l0_intro_quad_event
 .text.menu_l0_intro_loop
                0x08002550      0x168 Menuitems/menu_l0_intro.o
                0x08002550                menu_l0_intro_loop
 .text.menu_l0_intro_tint
                0x080026b8       0xf8 Menuitems/menu_l0_intro.o
                0x080026b8                menu_l0_intro_tint
 .text.menu_l1_top_enter
                0x080027b0       0x1c Menuitems/menu_l1_top.o
                0x080027b0                menu_l1_top_enter
 .text.menu_l1_top_exit
                0x080027cc       0x10 Menuitems/menu_l1_top.o
                0x080027cc                menu_l1_top_exit
 .text.menu_l1_top_loop
                0x080027dc        0x4 Menuitems/menu_l1_top.o
                0x080027dc                menu_l1_top_loop
 .text.qproc_kdn
                0x080027e0      0x194 Menuitems/menu_l1_top.o
                0x080027e0                qproc_kdn
 .text.qproc_lkdn
                0x08002974       0xc4 Menuitems/menu_l1_top.o
                0x08002974                qproc_lkdn
 .text.qproc_rf
                0x08002a38      0x268 Menuitems/menu_l1_top.o
                0x08002a38                qproc_rf
 .text.qproc_rr
                0x08002ca0      0x268 Menuitems/menu_l1_top.o
                0x08002ca0                qproc_rr
 .text.menu_l1_top_quad_event
                0x08002f08       0xb4 Menuitems/menu_l1_top.o
                0x08002f08                menu_l1_top_quad_event
 .text.tproc_tim
                0x08002fbc       0x80 Menuitems/menu_l1_top.o
                0x08002fbc                tproc_tim
 .text.tproc_dat
                0x0800303c       0xd0 Menuitems/menu_l1_top.o
                0x0800303c                tproc_dat
 .text.menu_l1_top_tint
                0x0800310c      0x2b4 Menuitems/menu_l1_top.o
                0x0800310c                menu_l1_top_tint
 .text.menu_enter
                0x080033c0       0x22 Src/LSYS_logic.o
                0x080033c0                menu_enter
 .text.MFA_CALL
                0x080033e2       0x2e Src/LSYS_logic.o
                0x080033e2                MFA_CALL
 .text.IV9_send
                0x08003410       0x60 Src/flora_BSP.o
                0x08003410                IV9_send
 .text.IV9_FastPWMSet
                0x08003470       0x7c Src/flora_BSP.o
                0x08003470                IV9_FastPWMSet
 .text.IV9_QuadDecay
                0x080034ec       0x38 Src/flora_BSP.o
                0x080034ec                IV9_QuadDecay
 .text.IV9_LinFadeOut
                0x08003524       0x12 Src/flora_BSP.o
                0x08003524                IV9_LinFadeOut
 .text.IV9_LinFadeIn
                0x08003536       0x1a Src/flora_BSP.o
                0x08003536                IV9_LinFadeIn
 .text.RGB_FastPWMSet_D
                0x08003550       0x2c Src/flora_BSP.o
                0x08003550                RGB_FastPWMSet_D
 .text.DS3231_Config
                0x0800357c       0x1a Src/flora_BSP.o
                0x0800357c                DS3231_Config
 .text.DS3231_GetTime
                0x08003596       0xb0 Src/flora_BSP.o
                0x08003596                DS3231_GetTime
 .text.DS3231_SetTime
                0x08003646       0xea Src/flora_BSP.o
                0x08003646                DS3231_SetTime
 .text.DS3231_ExtractBCD
                0x08003730       0x12 Src/flora_BSP.o
                0x08003730                DS3231_ExtractBCD
 .text.GetWeekDay
                0x08003742       0x50 Src/flora_BSP.o
                0x08003742                GetWeekDay
 *fill*         0x08003792        0x2 
 .text.MX_GPIO_Init
                0x08003794       0xc4 Src/main.o
 .text.MX_DMA_Init
                0x08003858       0x30 Src/main.o
 .text._Error_Handler
                0x08003888       0x64 Src/main.o
                0x08003888                _Error_Handler
 .text.MX_TIM2_Init
                0x080038ec       0xfc Src/main.o
 .text.MX_TIM1_Init
                0x080039e8      0x118 Src/main.o
 .text.MX_I2C1_Init
                0x08003b00       0x70 Src/main.o
 .text.MX_TIM14_Init
                0x08003b70       0x80 Src/main.o
 .text.MX_TIM16_Init
                0x08003bf0       0x40 Src/main.o
 .text.MX_TIM17_Init
                0x08003c30       0x38 Src/main.o
 .text.MX_SPI1_Init
                0x08003c68       0x5c Src/main.o
 .text.MX_IWDG_Init
                0x08003cc4       0x38 Src/main.o
 .text.SystemClock_Config
                0x08003cfc       0x94 Src/main.o
                0x08003cfc                SystemClock_Config
 .text.main     0x08003d90      0x178 Src/main.o
                0x08003d90                main
 .text.HAL_MspInit
                0x08003f08       0x44 Src/stm32f0xx_hal_msp.o
                0x08003f08                HAL_MspInit
 .text.HAL_I2C_MspInit
                0x08003f4c       0x4c Src/stm32f0xx_hal_msp.o
                0x08003f4c                HAL_I2C_MspInit
 .text.HAL_SPI_MspInit
                0x08003f98       0x88 Src/stm32f0xx_hal_msp.o
                0x08003f98                HAL_SPI_MspInit
 .text.HAL_TIM_Base_MspInit
                0x08004020       0xdc Src/stm32f0xx_hal_msp.o
                0x08004020                HAL_TIM_Base_MspInit
 .text.HAL_TIM_MspPostInit
                0x080040fc       0x9c Src/stm32f0xx_hal_msp.o
                0x080040fc                HAL_TIM_MspPostInit
 .text.NMI_Handler
                0x08004198        0x2 Src/stm32f0xx_it.o
                0x08004198                NMI_Handler
 *fill*         0x0800419a        0x2 
 .text.HardFault_Handler
                0x0800419c       0x40 Src/stm32f0xx_it.o
                0x0800419c                HardFault_Handler
 .text.SVC_Handler
                0x080041dc        0x2 Src/stm32f0xx_it.o
                0x080041dc                SVC_Handler
 .text.PendSV_Handler
                0x080041de        0x2 Src/stm32f0xx_it.o
                0x080041de                PendSV_Handler
 .text.SysTick_Handler
                0x080041e0        0xc Src/stm32f0xx_it.o
                0x080041e0                SysTick_Handler
 .text.TIM2_IRQHandler
                0x080041ec       0x10 Src/stm32f0xx_it.o
                0x080041ec                TIM2_IRQHandler
 .text.TIM16_IRQHandler
                0x080041fc       0x10 Src/stm32f0xx_it.o
                0x080041fc                TIM16_IRQHandler
 .text.TIM17_IRQHandler
                0x0800420c       0x10 Src/stm32f0xx_it.o
                0x0800420c                TIM17_IRQHandler
 .text.HAL_TIM_PeriodElapsedCallback
                0x0800421c      0x1c4 Src/stm32f0xx_it.o
                0x0800421c                HAL_TIM_PeriodElapsedCallback
 .text.SystemInit
                0x080043e0       0x60 Src/system_stm32f0xx.o
                0x080043e0                SystemInit
 .text.Reset_Handler
                0x08004440       0x80 startup/startup_stm32f042x6.o
                0x08004440                Reset_Handler
 .text.Default_Handler
                0x080044c0        0x2 startup/startup_stm32f042x6.o
                0x080044c0                TIM1_CC_IRQHandler
                0x080044c0                TSC_IRQHandler
                0x080044c0                I2C1_IRQHandler
                0x080044c0                RCC_CRS_IRQHandler
                0x080044c0                SPI1_IRQHandler
                0x080044c0                EXTI2_3_IRQHandler
                0x080044c0                ADC1_IRQHandler
                0x080044c0                CEC_CAN_IRQHandler
                0x080044c0                RTC_IRQHandler
                0x080044c0                PVD_VDDIO2_IRQHandler
                0x080044c0                TIM3_IRQHandler
                0x080044c0                EXTI4_15_IRQHandler
                0x080044c0                DMA1_Channel1_IRQHandler
                0x080044c0                Default_Handler
                0x080044c0                TIM14_IRQHandler
                0x080044c0                DMA1_Channel4_5_IRQHandler
                0x080044c0                EXTI0_1_IRQHandler
                0x080044c0                USB_IRQHandler
                0x080044c0                SPI2_IRQHandler
                0x080044c0                WWDG_IRQHandler
                0x080044c0                DMA1_Channel2_3_IRQHandler
                0x080044c0                USART2_IRQHandler
                0x080044c0                FLASH_IRQHandler
                0x080044c0                USART1_IRQHandler
                0x080044c0                TIM1_BRK_UP_TRG_COM_IRQHandler
 *fill*         0x080044c2        0x2 
 .text.__libc_init_array
                0x080044c4       0x48 c:/eclipse/plugins/fr.ac6.mcu.externaltools.arm-none.win32_1.15.0.201708311556/tools/compiler/bin/../lib/gcc/arm-none-eabi/6.3.1/../../../../arm-none-eabi/lib/thumb/v6-m\libc_nano.a(lib_a-init.o)
                0x080044c4                __libc_init_array
 .text.memcpy   0x0800450c       0x12 c:/eclipse/plugins/fr.ac6.mcu.externaltools.arm-none.win32_1.15.0.201708311556/tools/compiler/bin/../lib/gcc/arm-none-eabi/6.3.1/../../../../arm-none-eabi/lib/thumb/v6-m\libc_nano.a(lib_a-memcpy-stub.o)
                0x0800450c                memcpy
 .text.memset   0x0800451e       0x10 c:/eclipse/plugins/fr.ac6.mcu.externaltools.arm-none.win32_1.15.0.201708311556/tools/compiler/bin/../lib/gcc/arm-none-eabi/6.3.1/../../../../arm-none-eabi/lib/thumb/v6-m\libc_nano.a(lib_a-memset.o)
                0x0800451e                memset
 *(.glue_7)
 .glue_7        0x0800452e        0x0 linker stubs
 *(.glue_7t)
 .glue_7t       0x0800452e        0x0 linker stubs
 *(.eh_frame)
 *fill*         0x0800452e        0x2 
 .eh_frame      0x08004530        0x0 c:/eclipse/plugins/fr.ac6.mcu.externaltools.arm-none.win32_1.15.0.201708311556/tools/compiler/bin/../lib/gcc/arm-none-eabi/6.3.1/thumb/v6-m/crtbegin.o
 *(.init)
 .init          0x08004530        0x4 c:/eclipse/plugins/fr.ac6.mcu.externaltools.arm-none.win32_1.15.0.201708311556/tools/compiler/bin/../lib/gcc/arm-none-eabi/6.3.1/thumb/v6-m/crti.o
                0x08004530                _init
 .init          0x08004534        0x8 c:/eclipse/plugins/fr.ac6.mcu.externaltools.arm-none.win32_1.15.0.201708311556/tools/compiler/bin/../lib/gcc/arm-none-eabi/6.3.1/thumb/v6-m/crtn.o
 *(.fini)
 .fini          0x0800453c        0x4 c:/eclipse/plugins/fr.ac6.mcu.externaltools.arm-none.win32_1.15.0.201708311556/tools/compiler/bin/../lib/gcc/arm-none-eabi/6.3.1/thumb/v6-m/crti.o
                0x0800453c                _fini
 .fini          0x08004540        0x8 c:/eclipse/plugins/fr.ac6.mcu.externaltools.arm-none.win32_1.15.0.201708311556/tools/compiler/bin/../lib/gcc/arm-none-eabi/6.3.1/thumb/v6-m/crtn.o
                0x08004548                . = ALIGN (0x4)
                0x08004548                _etext = .

.vfp11_veneer   0x08004548        0x0
 .vfp11_veneer  0x08004548        0x0 linker stubs

.v4_bx          0x08004548        0x0
 .v4_bx         0x08004548        0x0 linker stubs

.iplt           0x08004548        0x0
 .iplt          0x08004548        0x0 c:/eclipse/plugins/fr.ac6.mcu.externaltools.arm-none.win32_1.15.0.201708311556/tools/compiler/bin/../lib/gcc/arm-none-eabi/6.3.1/thumb/v6-m/crtbegin.o

.rodata         0x08004548      0x13c
                0x08004548                . = ALIGN (0x4)
 *(.rodata)
 .rodata        0x08004548       0x20 Drivers/STM32F0xx_HAL_Driver/Src/stm32f0xx_hal_rcc.o
 .rodata        0x08004568       0x6a Menuitems/menu_l0_intro.o
                0x08004568                intro_text
                0x080045b8                selfTest_text
 *fill*         0x080045d2        0x2 
 .rodata        0x080045d4       0x54 Menuitems/menu_l1_top.o
                0x080045d4                monEditLimit
                0x080045e4                wkDay
                0x0800460c                nameList
                0x0800461c                WeekTab
 .rodata        0x08004628       0x18 Src/system_stm32f0xx.o
                0x08004628                AHBPrescTable
                0x08004638                APBPrescTable
 *(.rodata*)
 .rodata.str1.4
                0x08004640       0x1e Src/main.o
 *fill*         0x0800465e        0x2 
 .rodata.str1.4
                0x08004660       0x1b Src/stm32f0xx_hal_msp.o
 *fill*         0x0800467b        0x1 
 .rodata.str1.4
                0x0800467c        0x8 Src/stm32f0xx_it.o
                                  0x5 (size before relaxing)
                0x08004684                . = ALIGN (0x4)

.rel.dyn        0x08004684        0x0
 .rel.iplt      0x08004684        0x0 c:/eclipse/plugins/fr.ac6.mcu.externaltools.arm-none.win32_1.15.0.201708311556/tools/compiler/bin/../lib/gcc/arm-none-eabi/6.3.1/thumb/v6-m/crtbegin.o

.ARM.extab
 *(.ARM.extab* .gnu.linkonce.armextab.*)

.ARM            0x08004684        0x0
                0x08004684                __exidx_start = .
 *(.ARM.exidx*)
                0x08004684                __exidx_end = .

.preinit_array  0x08004684        0x0
                0x08004684                PROVIDE (__preinit_array_start, .)
 *(.preinit_array*)
                0x08004684                PROVIDE (__preinit_array_end, .)

.init_array     0x08004684        0x4
                0x08004684                PROVIDE (__init_array_start, .)
 *(SORT(.init_array.*))
 *(.init_array*)
 .init_array    0x08004684        0x4 c:/eclipse/plugins/fr.ac6.mcu.externaltools.arm-none.win32_1.15.0.201708311556/tools/compiler/bin/../lib/gcc/arm-none-eabi/6.3.1/thumb/v6-m/crtbegin.o
                0x08004688                PROVIDE (__init_array_end, .)

.fini_array     0x08004688        0x4
                [!provide]                PROVIDE (__fini_array_start, .)
 *(SORT(.fini_array.*))
 *(.fini_array*)
 .fini_array    0x08004688        0x4 c:/eclipse/plugins/fr.ac6.mcu.externaltools.arm-none.win32_1.15.0.201708311556/tools/compiler/bin/../lib/gcc/arm-none-eabi/6.3.1/thumb/v6-m/crtbegin.o
                [!provide]                PROVIDE (__fini_array_end, .)
                0x0800468c                _sidata = LOADADDR (.data)

.data           0x20000000       0x98 load address 0x0800468c
                0x20000000                . = ALIGN (0x4)
                0x20000000                _sdata = .
 *(.data)
 .data          0x20000000       0x28 Menuitems/menu_l0_intro.o
                0x20000000                menu_l0_intro
                0x20000008                mfa_l0_intro
 .data          0x20000028       0x28 Menuitems/menu_l1_top.o
                0x20000028                menu_l1_top
                0x20000030                mfa_l1_top
 .data          0x20000050       0x44 Src/flora_BSP.o
                0x20000050                IV9_font_LUT
                0x20000090                IV9_dimming_LUT
 .data          0x20000094        0x4 Src/system_stm32f0xx.o
                0x20000094                SystemCoreClock
 *(.data*)
                0x20000098                . = ALIGN (0x4)
                0x20000098                _edata = .

.jcr            0x20000098        0x0 load address 0x08004724
 .jcr           0x20000098        0x0 c:/eclipse/plugins/fr.ac6.mcu.externaltools.arm-none.win32_1.15.0.201708311556/tools/compiler/bin/../lib/gcc/arm-none-eabi/6.3.1/thumb/v6-m/crtbegin.o

.igot.plt       0x20000098        0x0 load address 0x08004724
 .igot.plt      0x20000098        0x0 c:/eclipse/plugins/fr.ac6.mcu.externaltools.arm-none.win32_1.15.0.201708311556/tools/compiler/bin/../lib/gcc/arm-none-eabi/6.3.1/thumb/v6-m/crtbegin.o
                0x20000098                . = ALIGN (0x4)

.bss            0x20000098      0x350 load address 0x08004724
                0x20000098                _sbss = .
                0x20000098                __bss_start__ = _sbss
 *(.bss)
 .bss           0x20000098       0x1c c:/eclipse/plugins/fr.ac6.mcu.externaltools.arm-none.win32_1.15.0.201708311556/tools/compiler/bin/../lib/gcc/arm-none-eabi/6.3.1/thumb/v6-m/crtbegin.o
 *(.bss*)
 *(COMMON)
 COMMON         0x200000b4        0x4 Drivers/STM32F0xx_HAL_Driver/Src/stm32f0xx_hal.o
                0x200000b4                uwTick
 COMMON         0x200000b8        0x7 Menuitems/menu_l0_intro.o
                0x200000b8                f_wordEnd
                0x200000b9                f_lineEnd
                0x200000ba                decayCount
                0x200000bb                c_pos
                0x200000bc                d_pos
                0x200000bd                selfTest_state
                0x200000be                stepCount
 *fill*         0x200000bf        0x1 
 COMMON         0x200000c0        0x9 Menuitems/menu_l1_top.o
                0x200000c0                curPage
                0x200000c1                dateDisp
                0x200000c2                pageSwAnim_fsm
                0x200000c3                digitEditPtr
                0x200000c4                f_entering
                0x200000c6                pchgDelay
                0x200000c8                curLevel
 *fill*         0x200000c9        0x3 
 COMMON         0x200000cc      0x308 Src/main.o
                0x200000cc                g_sysIssue
                0x200000d0                g_time_backup
                0x200000da                g_dim
                0x200000dc                g_decayReg
                0x200000ec                hi2c1
                0x20000138                hiwdg
                0x20000148                htim17
                0x20000188                g_scheme_reg
                0x200001f8                g_digitDim
                0x200001f9                g_freshPON
                0x200001fc                g_time_reference
                0x20000206                g_dpBuffer
                0x20000207                g_sysCfg
                0x20000208                g_currentMenu
                0x2000020c                g_time_last_sec
                0x20000210                htim1
                0x20000250                g_time_reg
                0x2000025c                hspi1
                0x200002c0                htim2
                0x20000300                g_textBuffer
                0x20000304                htim14
                0x20000344                g_curScheme
                0x20000348                g_control_reg
                0x20000350                htim16
                0x20000390                hdma_spi1_tx
 COMMON         0x200003d4       0x11 Src/stm32f0xx_it.o
                0x200003d4                quad_kdn_length
                0x200003d8                quad_flag
                0x200003db                cnt
                0x200003dc                quad_kdn
                0x200003e0                quad_in
                0x200003e3                quad_rotate
                0x200003e4                quad_fw_rvn
                0x200003e8                . = ALIGN (0x4)
 *fill*         0x200003e5        0x3 
                0x200003e8                _ebss = .
                0x200003e8                __bss_end__ = _ebss

._user_heap_stack
                0x200003e8      0x600 load address 0x08004724
                0x200003e8                . = ALIGN (0x8)
                [!provide]                PROVIDE (end, .)
                [!provide]                PROVIDE (_end, .)
                0x200005e8                . = (. + _Min_Heap_Size)
 *fill*         0x200003e8      0x200 
                0x200009e8                . = (. + _Min_Stack_Size)
 *fill*         0x200005e8      0x400 
                0x200009e8                . = ALIGN (0x8)

/DISCARD/
 libc.a(*)
 libm.a(*)
 libgcc.a(*)

.ARM.attributes
                0x00000000       0x28
 *(.ARM.attributes)
 .ARM.attributes
                0x00000000       0x1e c:/eclipse/plugins/fr.ac6.mcu.externaltools.arm-none.win32_1.15.0.201708311556/tools/compiler/bin/../lib/gcc/arm-none-eabi/6.3.1/thumb/v6-m/crti.o
 .ARM.attributes
                0x0000001e       0x2c c:/eclipse/plugins/fr.ac6.mcu.externaltools.arm-none.win32_1.15.0.201708311556/tools/compiler/bin/../lib/gcc/arm-none-eabi/6.3.1/thumb/v6-m/crtbegin.o
 .ARM.attributes
                0x0000004a       0x31 Drivers/STM32F0xx_HAL_Driver/Src/stm32f0xx_hal.o
 .ARM.attributes
                0x0000007b       0x31 Drivers/STM32F0xx_HAL_Driver/Src/stm32f0xx_hal_cortex.o
 .ARM.attributes
                0x000000ac       0x31 Drivers/STM32F0xx_HAL_Driver/Src/stm32f0xx_hal_dma.o
 .ARM.attributes
                0x000000dd       0x31 Drivers/STM32F0xx_HAL_Driver/Src/stm32f0xx_hal_gpio.o
 .ARM.attributes
                0x0000010e       0x31 Drivers/STM32F0xx_HAL_Driver/Src/stm32f0xx_hal_i2c.o
 .ARM.attributes
                0x0000013f       0x31 Drivers/STM32F0xx_HAL_Driver/Src/stm32f0xx_hal_i2c_ex.o
 .ARM.attributes
                0x00000170       0x31 Drivers/STM32F0xx_HAL_Driver/Src/stm32f0xx_hal_iwdg.o
 .ARM.attributes
                0x000001a1       0x31 Drivers/STM32F0xx_HAL_Driver/Src/stm32f0xx_hal_pwr.o
 .ARM.attributes
                0x000001d2       0x31 Drivers/STM32F0xx_HAL_Driver/Src/stm32f0xx_hal_rcc.o
 .ARM.attributes
                0x00000203       0x31 Drivers/STM32F0xx_HAL_Driver/Src/stm32f0xx_hal_rcc_ex.o
 .ARM.attributes
                0x00000234       0x31 Drivers/STM32F0xx_HAL_Driver/Src/stm32f0xx_hal_spi.o
 .ARM.attributes
                0x00000265       0x31 Drivers/STM32F0xx_HAL_Driver/Src/stm32f0xx_hal_tim.o
 .ARM.attributes
                0x00000296       0x31 Drivers/STM32F0xx_HAL_Driver/Src/stm32f0xx_hal_tim_ex.o
 .ARM.attributes
                0x000002c7       0x31 Menuitems/menu_l0_intro.o
 .ARM.attributes
                0x000002f8       0x31 Menuitems/menu_l1_top.o
 .ARM.attributes
                0x00000329       0x31 Src/LSYS_logic.o
 .ARM.attributes
                0x0000035a       0x31 Src/flora_BSP.o
 .ARM.attributes
                0x0000038b       0x31 Src/main.o
 .ARM.attributes
                0x000003bc       0x31 Src/stm32f0xx_hal_msp.o
 .ARM.attributes
                0x000003ed       0x31 Src/stm32f0xx_it.o
 .ARM.attributes
                0x0000041e       0x31 Src/system_stm32f0xx.o
 .ARM.attributes
                0x0000044f       0x21 startup/startup_stm32f042x6.o
 .ARM.attributes
                0x00000470       0x1e c:/eclipse/plugins/fr.ac6.mcu.externaltools.arm-none.win32_1.15.0.201708311556/tools/compiler/bin/../lib/gcc/arm-none-eabi/6.3.1/thumb/v6-m\libgcc.a(_udivsi3.o)
 .ARM.attributes
                0x0000048e       0x1e c:/eclipse/plugins/fr.ac6.mcu.externaltools.arm-none.win32_1.15.0.201708311556/tools/compiler/bin/../lib/gcc/arm-none-eabi/6.3.1/thumb/v6-m\libgcc.a(_divsi3.o)
 .ARM.attributes
                0x000004ac       0x1e c:/eclipse/plugins/fr.ac6.mcu.externaltools.arm-none.win32_1.15.0.201708311556/tools/compiler/bin/../lib/gcc/arm-none-eabi/6.3.1/thumb/v6-m\libgcc.a(_dvmd_tls.o)
 .ARM.attributes
                0x000004ca       0x2c c:/eclipse/plugins/fr.ac6.mcu.externaltools.arm-none.win32_1.15.0.201708311556/tools/compiler/bin/../lib/gcc/arm-none-eabi/6.3.1/../../../../arm-none-eabi/lib/thumb/v6-m\libc_nano.a(lib_a-init.o)
 .ARM.attributes
                0x000004f6       0x2c c:/eclipse/plugins/fr.ac6.mcu.externaltools.arm-none.win32_1.15.0.201708311556/tools/compiler/bin/../lib/gcc/arm-none-eabi/6.3.1/../../../../arm-none-eabi/lib/thumb/v6-m\libc_nano.a(lib_a-memcpy-stub.o)
 .ARM.attributes
                0x00000522       0x2c c:/eclipse/plugins/fr.ac6.mcu.externaltools.arm-none.win32_1.15.0.201708311556/tools/compiler/bin/../lib/gcc/arm-none-eabi/6.3.1/../../../../arm-none-eabi/lib/thumb/v6-m\libc_nano.a(lib_a-memset.o)
 .ARM.attributes
                0x0000054e       0x1e c:/eclipse/plugins/fr.ac6.mcu.externaltools.arm-none.win32_1.15.0.201708311556/tools/compiler/bin/../lib/gcc/arm-none-eabi/6.3.1/thumb/v6-m/crtn.o
OUTPUT(ETest_SW4STM32.elf elf32-littlearm)

.debug_info     0x00000000    0x1fa0b
 .debug_info    0x00000000      0xe7e Drivers/STM32F0xx_HAL_Driver/Src/stm32f0xx_hal.o
 .debug_info    0x00000e7e      0xfe3 Drivers/STM32F0xx_HAL_Driver/Src/stm32f0xx_hal_cortex.o
 .debug_info    0x00001e61     0x1033 Drivers/STM32F0xx_HAL_Driver/Src/stm32f0xx_hal_dma.o
 .debug_info    0x00002e94      0xe6f Drivers/STM32F0xx_HAL_Driver/Src/stm32f0xx_hal_gpio.o
 .debug_info    0x00003d03     0x39ad Drivers/STM32F0xx_HAL_Driver/Src/stm32f0xx_hal_i2c.o
 .debug_info    0x000076b0     0x109d Drivers/STM32F0xx_HAL_Driver/Src/stm32f0xx_hal_i2c_ex.o
 .debug_info    0x0000874d      0xaad Drivers/STM32F0xx_HAL_Driver/Src/stm32f0xx_hal_iwdg.o
 .debug_info    0x000091fa      0xcc3 Drivers/STM32F0xx_HAL_Driver/Src/stm32f0xx_hal_pwr.o
 .debug_info    0x00009ebd     0x118b Drivers/STM32F0xx_HAL_Driver/Src/stm32f0xx_hal_rcc.o
 .debug_info    0x0000b048      0xee5 Drivers/STM32F0xx_HAL_Driver/Src/stm32f0xx_hal_rcc_ex.o
 .debug_info    0x0000bf2d     0x258f Drivers/STM32F0xx_HAL_Driver/Src/stm32f0xx_hal_spi.o
 .debug_info    0x0000e4bc     0x36ec Drivers/STM32F0xx_HAL_Driver/Src/stm32f0xx_hal_tim.o
 .debug_info    0x00011ba8     0x1a9a Drivers/STM32F0xx_HAL_Driver/Src/stm32f0xx_hal_tim_ex.o
 .debug_info    0x00013642     0x13a9 Menuitems/menu_l0_intro.o
 .debug_info    0x000149eb     0x1a37 Menuitems/menu_l1_top.o
 .debug_info    0x00016422      0xa47 Src/LSYS_logic.o
 .debug_info    0x00016e69     0x1e12 Src/flora_BSP.o
 .debug_info    0x00018c7b     0x2e40 Src/main.o
 .debug_info    0x0001babb     0x1a59 Src/stm32f0xx_hal_msp.o
 .debug_info    0x0001d514     0x19d7 Src/stm32f0xx_it.o
 .debug_info    0x0001eeeb      0xa7b Src/system_stm32f0xx.o
 .debug_info    0x0001f966       0xa5 startup/startup_stm32f042x6.o

.debug_abbrev   0x00000000     0x3aa6
 .debug_abbrev  0x00000000      0x2f4 Drivers/STM32F0xx_HAL_Driver/Src/stm32f0xx_hal.o
 .debug_abbrev  0x000002f4      0x326 Drivers/STM32F0xx_HAL_Driver/Src/stm32f0xx_hal_cortex.o
 .debug_abbrev  0x0000061a      0x2dd Drivers/STM32F0xx_HAL_Driver/Src/stm32f0xx_hal_dma.o
 .debug_abbrev  0x000008f7      0x2a5 Drivers/STM32F0xx_HAL_Driver/Src/stm32f0xx_hal_gpio.o
 .debug_abbrev  0x00000b9c      0x2dd Drivers/STM32F0xx_HAL_Driver/Src/stm32f0xx_hal_i2c.o
 .debug_abbrev  0x00000e79      0x264 Drivers/STM32F0xx_HAL_Driver/Src/stm32f0xx_hal_i2c_ex.o
 .debug_abbrev  0x000010dd      0x21f Drivers/STM32F0xx_HAL_Driver/Src/stm32f0xx_hal_iwdg.o
 .debug_abbrev  0x000012fc      0x266 Drivers/STM32F0xx_HAL_Driver/Src/stm32f0xx_hal_pwr.o
 .debug_abbrev  0x00001562      0x2e8 Drivers/STM32F0xx_HAL_Driver/Src/stm32f0xx_hal_rcc.o
 .debug_abbrev  0x0000184a      0x2d7 Drivers/STM32F0xx_HAL_Driver/Src/stm32f0xx_hal_rcc_ex.o
 .debug_abbrev  0x00001b21      0x313 Drivers/STM32F0xx_HAL_Driver/Src/stm32f0xx_hal_spi.o
 .debug_abbrev  0x00001e34      0x2dc Drivers/STM32F0xx_HAL_Driver/Src/stm32f0xx_hal_tim.o
 .debug_abbrev  0x00002110      0x2dc Drivers/STM32F0xx_HAL_Driver/Src/stm32f0xx_hal_tim_ex.o
 .debug_abbrev  0x000023ec      0x281 Menuitems/menu_l0_intro.o
 .debug_abbrev  0x0000266d      0x3b9 Menuitems/menu_l1_top.o
 .debug_abbrev  0x00002a26      0x206 Src/LSYS_logic.o
 .debug_abbrev  0x00002c2c      0x34d Src/flora_BSP.o
 .debug_abbrev  0x00002f79      0x371 Src/main.o
 .debug_abbrev  0x000032ea      0x2a4 Src/stm32f0xx_hal_msp.o
 .debug_abbrev  0x0000358e      0x301 Src/stm32f0xx_it.o
 .debug_abbrev  0x0000388f      0x205 Src/system_stm32f0xx.o
 .debug_abbrev  0x00003a94       0x12 startup/startup_stm32f042x6.o

.debug_loc      0x00000000     0xccb5
 .debug_loc     0x00000000       0x7c Drivers/STM32F0xx_HAL_Driver/Src/stm32f0xx_hal.o
 .debug_loc     0x0000007c      0x393 Drivers/STM32F0xx_HAL_Driver/Src/stm32f0xx_hal_cortex.o
 .debug_loc     0x0000040f      0x7ee Drivers/STM32F0xx_HAL_Driver/Src/stm32f0xx_hal_dma.o
 .debug_loc     0x00000bfd      0x2b2 Drivers/STM32F0xx_HAL_Driver/Src/stm32f0xx_hal_gpio.o
 .debug_loc     0x00000eaf     0x39fd Drivers/STM32F0xx_HAL_Driver/Src/stm32f0xx_hal_i2c.o
 .debug_loc     0x000048ac      0x245 Drivers/STM32F0xx_HAL_Driver/Src/stm32f0xx_hal_i2c_ex.o
 .debug_loc     0x00004af1       0x8c Drivers/STM32F0xx_HAL_Driver/Src/stm32f0xx_hal_iwdg.o
 .debug_loc     0x00004b7d       0xc8 Drivers/STM32F0xx_HAL_Driver/Src/stm32f0xx_hal_pwr.o
 .debug_loc     0x00004c45      0x4ba Drivers/STM32F0xx_HAL_Driver/Src/stm32f0xx_hal_rcc.o
 .debug_loc     0x000050ff      0x6e9 Drivers/STM32F0xx_HAL_Driver/Src/stm32f0xx_hal_rcc_ex.o
 .debug_loc     0x000057e8     0x1d06 Drivers/STM32F0xx_HAL_Driver/Src/stm32f0xx_hal_spi.o
 .debug_loc     0x000074ee     0x381e Drivers/STM32F0xx_HAL_Driver/Src/stm32f0xx_hal_tim.o
 .debug_loc     0x0000ad0c     0x110a Drivers/STM32F0xx_HAL_Driver/Src/stm32f0xx_hal_tim_ex.o
 .debug_loc     0x0000be16       0xd4 Menuitems/menu_l0_intro.o
 .debug_loc     0x0000beea      0x1a3 Menuitems/menu_l1_top.o
 .debug_loc     0x0000c08d      0x126 Src/LSYS_logic.o
 .debug_loc     0x0000c1b3      0x6c8 Src/flora_BSP.o
 .debug_loc     0x0000c87b       0x80 Src/main.o
 .debug_loc     0x0000c8fb      0x26e Src/stm32f0xx_hal_msp.o
 .debug_loc     0x0000cb69       0x4e Src/stm32f0xx_it.o
 .debug_loc     0x0000cbb7       0xfe Src/system_stm32f0xx.o

.debug_aranges  0x00000000      0xfe0
 .debug_aranges
                0x00000000       0xb8 Drivers/STM32F0xx_HAL_Driver/Src/stm32f0xx_hal.o
 .debug_aranges
                0x000000b8       0x78 Drivers/STM32F0xx_HAL_Driver/Src/stm32f0xx_hal_cortex.o
 .debug_aranges
                0x00000130       0x88 Drivers/STM32F0xx_HAL_Driver/Src/stm32f0xx_hal_dma.o
 .debug_aranges
                0x000001b8       0x58 Drivers/STM32F0xx_HAL_Driver/Src/stm32f0xx_hal_gpio.o
 .debug_aranges
                0x00000210      0x260 Drivers/STM32F0xx_HAL_Driver/Src/stm32f0xx_hal_i2c.o
 .debug_aranges
                0x00000470       0x48 Drivers/STM32F0xx_HAL_Driver/Src/stm32f0xx_hal_i2c_ex.o
 .debug_aranges
                0x000004b8       0x28 Drivers/STM32F0xx_HAL_Driver/Src/stm32f0xx_hal_iwdg.o
 .debug_aranges
                0x000004e0       0x78 Drivers/STM32F0xx_HAL_Driver/Src/stm32f0xx_hal_pwr.o
 .debug_aranges
                0x00000558       0x80 Drivers/STM32F0xx_HAL_Driver/Src/stm32f0xx_hal_rcc.o
 .debug_aranges
                0x000005d8       0x78 Drivers/STM32F0xx_HAL_Driver/Src/stm32f0xx_hal_rcc_ex.o
 .debug_aranges
                0x00000650      0x1d8 Drivers/STM32F0xx_HAL_Driver/Src/stm32f0xx_hal_spi.o
 .debug_aranges
                0x00000828      0x378 Drivers/STM32F0xx_HAL_Driver/Src/stm32f0xx_hal_tim.o
 .debug_aranges
                0x00000ba0      0x140 Drivers/STM32F0xx_HAL_Driver/Src/stm32f0xx_hal_tim_ex.o
 .debug_aranges
                0x00000ce0       0x40 Menuitems/menu_l0_intro.o
 .debug_aranges
                0x00000d20       0x70 Menuitems/menu_l1_top.o
 .debug_aranges
                0x00000d90       0x28 Src/LSYS_logic.o
 .debug_aranges
                0x00000db8       0xa0 Src/flora_BSP.o
 .debug_aranges
                0x00000e58       0x80 Src/main.o
 .debug_aranges
                0x00000ed8       0x58 Src/stm32f0xx_hal_msp.o
 .debug_aranges
                0x00000f30       0x60 Src/stm32f0xx_it.o
 .debug_aranges
                0x00000f90       0x28 Src/system_stm32f0xx.o
 .debug_aranges
                0x00000fb8       0x28 startup/startup_stm32f042x6.o

.debug_ranges   0x00000000      0xf30
 .debug_ranges  0x00000000       0xa8 Drivers/STM32F0xx_HAL_Driver/Src/stm32f0xx_hal.o
 .debug_ranges  0x000000a8       0xb0 Drivers/STM32F0xx_HAL_Driver/Src/stm32f0xx_hal_cortex.o
 .debug_ranges  0x00000158       0x78 Drivers/STM32F0xx_HAL_Driver/Src/stm32f0xx_hal_dma.o
 .debug_ranges  0x000001d0       0x48 Drivers/STM32F0xx_HAL_Driver/Src/stm32f0xx_hal_gpio.o
 .debug_ranges  0x00000218      0x250 Drivers/STM32F0xx_HAL_Driver/Src/stm32f0xx_hal_i2c.o
 .debug_ranges  0x00000468       0x38 Drivers/STM32F0xx_HAL_Driver/Src/stm32f0xx_hal_i2c_ex.o
 .debug_ranges  0x000004a0       0x18 Drivers/STM32F0xx_HAL_Driver/Src/stm32f0xx_hal_iwdg.o
 .debug_ranges  0x000004b8       0x68 Drivers/STM32F0xx_HAL_Driver/Src/stm32f0xx_hal_pwr.o
 .debug_ranges  0x00000520       0x88 Drivers/STM32F0xx_HAL_Driver/Src/stm32f0xx_hal_rcc.o
 .debug_ranges  0x000005a8       0x80 Drivers/STM32F0xx_HAL_Driver/Src/stm32f0xx_hal_rcc_ex.o
 .debug_ranges  0x00000628      0x1c8 Drivers/STM32F0xx_HAL_Driver/Src/stm32f0xx_hal_spi.o
 .debug_ranges  0x000007f0      0x368 Drivers/STM32F0xx_HAL_Driver/Src/stm32f0xx_hal_tim.o
 .debug_ranges  0x00000b58      0x130 Drivers/STM32F0xx_HAL_Driver/Src/stm32f0xx_hal_tim_ex.o
 .debug_ranges  0x00000c88       0x30 Menuitems/menu_l0_intro.o
 .debug_ranges  0x00000cb8       0x78 Menuitems/menu_l1_top.o
 .debug_ranges  0x00000d30       0x18 Src/LSYS_logic.o
 .debug_ranges  0x00000d48       0x90 Src/flora_BSP.o
 .debug_ranges  0x00000dd8       0x88 Src/main.o
 .debug_ranges  0x00000e60       0x48 Src/stm32f0xx_hal_msp.o
 .debug_ranges  0x00000ea8       0x50 Src/stm32f0xx_it.o
 .debug_ranges  0x00000ef8       0x18 Src/system_stm32f0xx.o
 .debug_ranges  0x00000f10       0x20 startup/startup_stm32f042x6.o

.debug_macro    0x00000000    0x17fd8
 .debug_macro   0x00000000      0x337 Drivers/STM32F0xx_HAL_Driver/Src/stm32f0xx_hal.o
 .debug_macro   0x00000337      0x8aa Drivers/STM32F0xx_HAL_Driver/Src/stm32f0xx_hal.o
 .debug_macro   0x00000be1       0xb8 Drivers/STM32F0xx_HAL_Driver/Src/stm32f0xx_hal.o
 .debug_macro   0x00000c99       0xb1 Drivers/STM32F0xx_HAL_Driver/Src/stm32f0xx_hal.o
 .debug_macro   0x00000d4a       0x2e Drivers/STM32F0xx_HAL_Driver/Src/stm32f0xx_hal.o
 .debug_macro   0x00000d78       0x22 Drivers/STM32F0xx_HAL_Driver/Src/stm32f0xx_hal.o
 .debug_macro   0x00000d9a       0x22 Drivers/STM32F0xx_HAL_Driver/Src/stm32f0xx_hal.o
 .debug_macro   0x00000dbc       0x87 Drivers/STM32F0xx_HAL_Driver/Src/stm32f0xx_hal.o
 .debug_macro   0x00000e43       0x51 Drivers/STM32F0xx_HAL_Driver/Src/stm32f0xx_hal.o
 .debug_macro   0x00000e94       0xef Drivers/STM32F0xx_HAL_Driver/Src/stm32f0xx_hal.o
 .debug_macro   0x00000f83       0x6a Drivers/STM32F0xx_HAL_Driver/Src/stm32f0xx_hal.o
 .debug_macro   0x00000fed      0x1df Drivers/STM32F0xx_HAL_Driver/Src/stm32f0xx_hal.o
 .debug_macro   0x000011cc       0x34 Drivers/STM32F0xx_HAL_Driver/Src/stm32f0xx_hal.o
 .debug_macro   0x00001200       0x26 Drivers/STM32F0xx_HAL_Driver/Src/stm32f0xx_hal.o
 .debug_macro   0x00001226      0x30d Drivers/STM32F0xx_HAL_Driver/Src/stm32f0xx_hal.o
 .debug_macro   0x00001533     0xf1ed Drivers/STM32F0xx_HAL_Driver/Src/stm32f0xx_hal.o
 .debug_macro   0x00010720       0x3c Drivers/STM32F0xx_HAL_Driver/Src/stm32f0xx_hal.o
 .debug_macro   0x0001075c       0x58 Drivers/STM32F0xx_HAL_Driver/Src/stm32f0xx_hal.o
 .debug_macro   0x000107b4       0x35 Drivers/STM32F0xx_HAL_Driver/Src/stm32f0xx_hal.o
 .debug_macro   0x000107e9       0x9c Drivers/STM32F0xx_HAL_Driver/Src/stm32f0xx_hal.o
 .debug_macro   0x00010885       0x16 Drivers/STM32F0xx_HAL_Driver/Src/stm32f0xx_hal.o
 .debug_macro   0x0001089b       0x97 Drivers/STM32F0xx_HAL_Driver/Src/stm32f0xx_hal.o
 .debug_macro   0x00010932      0x330 Drivers/STM32F0xx_HAL_Driver/Src/stm32f0xx_hal.o
 .debug_macro   0x00010c62       0xfd Drivers/STM32F0xx_HAL_Driver/Src/stm32f0xx_hal.o
 .debug_macro   0x00010d5f       0x10 Drivers/STM32F0xx_HAL_Driver/Src/stm32f0xx_hal.o
 .debug_macro   0x00010d6f       0x58 Drivers/STM32F0xx_HAL_Driver/Src/stm32f0xx_hal.o
 .debug_macro   0x00010dc7       0x1f Drivers/STM32F0xx_HAL_Driver/Src/stm32f0xx_hal.o
 .debug_macro   0x00010de6       0x43 Drivers/STM32F0xx_HAL_Driver/Src/stm32f0xx_hal.o
 .debug_macro   0x00010e29       0x20 Drivers/STM32F0xx_HAL_Driver/Src/stm32f0xx_hal.o
 .debug_macro   0x00010e49      0x187 Drivers/STM32F0xx_HAL_Driver/Src/stm32f0xx_hal.o
 .debug_macro   0x00010fd0       0x10 Drivers/STM32F0xx_HAL_Driver/Src/stm32f0xx_hal.o
 .debug_macro   0x00010fe0       0x1c Drivers/STM32F0xx_HAL_Driver/Src/stm32f0xx_hal.o
 .debug_macro   0x00010ffc       0x52 Drivers/STM32F0xx_HAL_Driver/Src/stm32f0xx_hal.o
 .debug_macro   0x0001104e       0x40 Drivers/STM32F0xx_HAL_Driver/Src/stm32f0xx_hal.o
 .debug_macro   0x0001108e       0x10 Drivers/STM32F0xx_HAL_Driver/Src/stm32f0xx_hal.o
 .debug_macro   0x0001109e       0x40 Drivers/STM32F0xx_HAL_Driver/Src/stm32f0xx_hal.o
 .debug_macro   0x000110de       0xd7 Drivers/STM32F0xx_HAL_Driver/Src/stm32f0xx_hal.o
 .debug_macro   0x000111b5       0x16 Drivers/STM32F0xx_HAL_Driver/Src/stm32f0xx_hal.o
 .debug_macro   0x000111cb      0x18b Drivers/STM32F0xx_HAL_Driver/Src/stm32f0xx_hal.o
 .debug_macro   0x00011356       0x49 Drivers/STM32F0xx_HAL_Driver/Src/stm32f0xx_hal.o
 .debug_macro   0x0001139f      0x951 Drivers/STM32F0xx_HAL_Driver/Src/stm32f0xx_hal.o
 .debug_macro   0x00011cf0      0x46b Drivers/STM32F0xx_HAL_Driver/Src/stm32f0xx_hal.o
 .debug_macro   0x0001215b      0x13a Drivers/STM32F0xx_HAL_Driver/Src/stm32f0xx_hal.o
 .debug_macro   0x00012295      0x130 Drivers/STM32F0xx_HAL_Driver/Src/stm32f0xx_hal.o
 .debug_macro   0x000123c5      0x1ed Drivers/STM32F0xx_HAL_Driver/Src/stm32f0xx_hal.o
 .debug_macro   0x000125b2       0x34 Drivers/STM32F0xx_HAL_Driver/Src/stm32f0xx_hal.o
 .debug_macro   0x000125e6       0x43 Drivers/STM32F0xx_HAL_Driver/Src/stm32f0xx_hal.o
 .debug_macro   0x00012629       0x28 Drivers/STM32F0xx_HAL_Driver/Src/stm32f0xx_hal.o
 .debug_macro   0x00012651       0xb6 Drivers/STM32F0xx_HAL_Driver/Src/stm32f0xx_hal.o
 .debug_macro   0x00012707      0x182 Drivers/STM32F0xx_HAL_Driver/Src/stm32f0xx_hal.o
 .debug_macro   0x00012889      0x202 Drivers/STM32F0xx_HAL_Driver/Src/stm32f0xx_hal.o
 .debug_macro   0x00012a8b       0x61 Drivers/STM32F0xx_HAL_Driver/Src/stm32f0xx_hal.o
 .debug_macro   0x00012aec       0x90 Drivers/STM32F0xx_HAL_Driver/Src/stm32f0xx_hal.o
 .debug_macro   0x00012b7c       0x87 Drivers/STM32F0xx_HAL_Driver/Src/stm32f0xx_hal.o
 .debug_macro   0x00012c03       0x4d Drivers/STM32F0xx_HAL_Driver/Src/stm32f0xx_hal.o
 .debug_macro   0x00012c50      0x161 Drivers/STM32F0xx_HAL_Driver/Src/stm32f0xx_hal.o
 .debug_macro   0x00012db1      0x2f0 Drivers/STM32F0xx_HAL_Driver/Src/stm32f0xx_hal.o
 .debug_macro   0x000130a1      0x845 Drivers/STM32F0xx_HAL_Driver/Src/stm32f0xx_hal.o
 .debug_macro   0x000138e6       0x45 Drivers/STM32F0xx_HAL_Driver/Src/stm32f0xx_hal.o
 .debug_macro   0x0001392b      0x127 Drivers/STM32F0xx_HAL_Driver/Src/stm32f0xx_hal.o
 .debug_macro   0x00013a52      0x313 Drivers/STM32F0xx_HAL_Driver/Src/stm32f0xx_hal_cortex.o
 .debug_macro   0x00013d65      0x313 Drivers/STM32F0xx_HAL_Driver/Src/stm32f0xx_hal_dma.o
 .debug_macro   0x00014078      0x34b Drivers/STM32F0xx_HAL_Driver/Src/stm32f0xx_hal_gpio.o
 .debug_macro   0x000143c3      0x3df Drivers/STM32F0xx_HAL_Driver/Src/stm32f0xx_hal_i2c.o
 .debug_macro   0x000147a2      0x313 Drivers/STM32F0xx_HAL_Driver/Src/stm32f0xx_hal_i2c_ex.o
 .debug_macro   0x00014ab5      0x31a Drivers/STM32F0xx_HAL_Driver/Src/stm32f0xx_hal_iwdg.o
 .debug_macro   0x00014dcf      0x313 Drivers/STM32F0xx_HAL_Driver/Src/stm32f0xx_hal_pwr.o
 .debug_macro   0x000150e2      0x325 Drivers/STM32F0xx_HAL_Driver/Src/stm32f0xx_hal_rcc.o
 .debug_macro   0x00015407      0x325 Drivers/STM32F0xx_HAL_Driver/Src/stm32f0xx_hal_rcc_ex.o
 .debug_macro   0x0001572c      0x31b Drivers/STM32F0xx_HAL_Driver/Src/stm32f0xx_hal_spi.o
 .debug_macro   0x00015a47      0x313 Drivers/STM32F0xx_HAL_Driver/Src/stm32f0xx_hal_tim.o
 .debug_macro   0x00015d5a      0x313 Drivers/STM32F0xx_HAL_Driver/Src/stm32f0xx_hal_tim_ex.o
 .debug_macro   0x0001606d      0x379 Menuitems/menu_l0_intro.o
 .debug_macro   0x000163e6       0x2e Menuitems/menu_l0_intro.o
 .debug_macro   0x00016414       0x52 Menuitems/menu_l0_intro.o
 .debug_macro   0x00016466      0x100 Menuitems/menu_l0_intro.o
 .debug_macro   0x00016566       0x58 Menuitems/menu_l0_intro.o
 .debug_macro   0x000165be      0x399 Menuitems/menu_l1_top.o
 .debug_macro   0x00016957       0x16 Menuitems/menu_l1_top.o
 .debug_macro   0x0001696d       0x35 Menuitems/menu_l1_top.o
 .debug_macro   0x000169a2       0x22 Menuitems/menu_l1_top.o
 .debug_macro   0x000169c4      0x32b Src/LSYS_logic.o
 .debug_macro   0x00016cef       0x4c Src/LSYS_logic.o
 .debug_macro   0x00016d3b      0x345 Src/flora_BSP.o
 .debug_macro   0x00017080       0xb7 Src/flora_BSP.o
 .debug_macro   0x00017137       0xfa Src/flora_BSP.o
 .debug_macro   0x00017231       0x10 Src/flora_BSP.o
 .debug_macro   0x00017241       0x52 Src/flora_BSP.o
 .debug_macro   0x00017293      0x384 Src/main.o
 .debug_macro   0x00017617      0x313 Src/stm32f0xx_hal_msp.o
 .debug_macro   0x0001792a      0x39b Src/stm32f0xx_it.o
 .debug_macro   0x00017cc5      0x313 Src/system_stm32f0xx.o

.debug_line     0x00000000     0xf7de
 .debug_line    0x00000000      0x987 Drivers/STM32F0xx_HAL_Driver/Src/stm32f0xx_hal.o
 .debug_line    0x00000987      0x980 Drivers/STM32F0xx_HAL_Driver/Src/stm32f0xx_hal_cortex.o
 .debug_line    0x00001307      0xa5f Drivers/STM32F0xx_HAL_Driver/Src/stm32f0xx_hal_dma.o
 .debug_line    0x00001d66      0x95f Drivers/STM32F0xx_HAL_Driver/Src/stm32f0xx_hal_gpio.o
 .debug_line    0x000026c5     0x1992 Drivers/STM32F0xx_HAL_Driver/Src/stm32f0xx_hal_i2c.o
 .debug_line    0x00004057      0x966 Drivers/STM32F0xx_HAL_Driver/Src/stm32f0xx_hal_i2c_ex.o
 .debug_line    0x000049bd      0x852 Drivers/STM32F0xx_HAL_Driver/Src/stm32f0xx_hal_iwdg.o
 .debug_line    0x0000520f      0x922 Drivers/STM32F0xx_HAL_Driver/Src/stm32f0xx_hal_pwr.o
 .debug_line    0x00005b31      0xac6 Drivers/STM32F0xx_HAL_Driver/Src/stm32f0xx_hal_rcc.o
 .debug_line    0x000065f7      0xa48 Drivers/STM32F0xx_HAL_Driver/Src/stm32f0xx_hal_rcc_ex.o
 .debug_line    0x0000703f     0x1349 Drivers/STM32F0xx_HAL_Driver/Src/stm32f0xx_hal_spi.o
 .debug_line    0x00008388     0x19b0 Drivers/STM32F0xx_HAL_Driver/Src/stm32f0xx_hal_tim.o
 .debug_line    0x00009d38      0xdd9 Drivers/STM32F0xx_HAL_Driver/Src/stm32f0xx_hal_tim_ex.o
 .debug_line    0x0000ab11      0x90f Menuitems/menu_l0_intro.o
 .debug_line    0x0000b420      0xb74 Menuitems/menu_l1_top.o
 .debug_line    0x0000bf94      0x837 Src/LSYS_logic.o
 .debug_line    0x0000c7cb      0x9eb Src/flora_BSP.o
 .debug_line    0x0000d1b6      0xa83 Src/main.o
 .debug_line    0x0000dc39      0x92a Src/stm32f0xx_hal_msp.o
 .debug_line    0x0000e563      0x9a3 Src/stm32f0xx_it.o
 .debug_line    0x0000ef06      0x843 Src/system_stm32f0xx.o
 .debug_line    0x0000f749       0x95 startup/startup_stm32f042x6.o

.debug_str      0x00000000    0x75aa3
 .debug_str     0x00000000    0x706d3 Drivers/STM32F0xx_HAL_Driver/Src/stm32f0xx_hal.o
                              0x7098b (size before relaxing)
 .debug_str     0x000706d3      0x1f8 Drivers/STM32F0xx_HAL_Driver/Src/stm32f0xx_hal_cortex.o
                              0x70839 (size before relaxing)
 .debug_str     0x000708cb      0x3fe Drivers/STM32F0xx_HAL_Driver/Src/stm32f0xx_hal_dma.o
                              0x7084f (size before relaxing)
 .debug_str     0x00070cc9      0x294 Drivers/STM32F0xx_HAL_Driver/Src/stm32f0xx_hal_gpio.o
                              0x7070d (size before relaxing)
 .debug_str     0x00070f5d      0xfe8 Drivers/STM32F0xx_HAL_Driver/Src/stm32f0xx_hal_i2c.o
                              0x7165b (size before relaxing)
 .debug_str     0x00071f45       0xf3 Drivers/STM32F0xx_HAL_Driver/Src/stm32f0xx_hal_i2c_ex.o
                              0x70a09 (size before relaxing)
 .debug_str     0x00072038       0xbf Drivers/STM32F0xx_HAL_Driver/Src/stm32f0xx_hal_iwdg.o
                              0x704e4 (size before relaxing)
 .debug_str     0x000720f7      0x19f Drivers/STM32F0xx_HAL_Driver/Src/stm32f0xx_hal_pwr.o
                              0x705e6 (size before relaxing)
 .debug_str     0x00072296      0x325 Drivers/STM32F0xx_HAL_Driver/Src/stm32f0xx_hal_rcc.o
                              0x7087c (size before relaxing)
 .debug_str     0x000725bb      0x382 Drivers/STM32F0xx_HAL_Driver/Src/stm32f0xx_hal_rcc_ex.o
                              0x70881 (size before relaxing)
 .debug_str     0x0007293d      0x724 Drivers/STM32F0xx_HAL_Driver/Src/stm32f0xx_hal_spi.o
                              0x70da6 (size before relaxing)
 .debug_str     0x00073061      0xf4e Drivers/STM32F0xx_HAL_Driver/Src/stm32f0xx_hal_tim.o
                              0x715bb (size before relaxing)
 .debug_str     0x00073faf      0x50d Drivers/STM32F0xx_HAL_Driver/Src/stm32f0xx_hal_tim_ex.o
                              0x70e2d (size before relaxing)
 .debug_str     0x000744bc      0xe9f Menuitems/menu_l0_intro.o
                              0x7162f (size before relaxing)
 .debug_str     0x0007535b      0x36e Menuitems/menu_l1_top.o
                              0x71aee (size before relaxing)
 .debug_str     0x000756c9       0x49 Src/LSYS_logic.o
                              0x70805 (size before relaxing)
 .debug_str     0x00075712      0x125 Src/flora_BSP.o
                              0x717e5 (size before relaxing)
 .debug_str     0x00075837      0x126 Src/main.o
                              0x723ab (size before relaxing)
 .debug_str     0x0007595d       0x25 Src/stm32f0xx_hal_msp.o
                              0x70ff2 (size before relaxing)
 .debug_str     0x00075982       0xe6 Src/stm32f0xx_it.o
                              0x71c25 (size before relaxing)
 .debug_str     0x00075a68       0x3b Src/system_stm32f0xx.o
                              0x70466 (size before relaxing)

.comment        0x00000000       0x7f
 .comment       0x00000000       0x7f Drivers/STM32F0xx_HAL_Driver/Src/stm32f0xx_hal.o
                                 0x80 (size before relaxing)
 .comment       0x0000007f       0x80 Drivers/STM32F0xx_HAL_Driver/Src/stm32f0xx_hal_cortex.o
 .comment       0x0000007f       0x80 Drivers/STM32F0xx_HAL_Driver/Src/stm32f0xx_hal_dma.o
 .comment       0x0000007f       0x80 Drivers/STM32F0xx_HAL_Driver/Src/stm32f0xx_hal_gpio.o
 .comment       0x0000007f       0x80 Drivers/STM32F0xx_HAL_Driver/Src/stm32f0xx_hal_i2c.o
 .comment       0x0000007f       0x80 Drivers/STM32F0xx_HAL_Driver/Src/stm32f0xx_hal_i2c_ex.o
 .comment       0x0000007f       0x80 Drivers/STM32F0xx_HAL_Driver/Src/stm32f0xx_hal_iwdg.o
 .comment       0x0000007f       0x80 Drivers/STM32F0xx_HAL_Driver/Src/stm32f0xx_hal_pwr.o
 .comment       0x0000007f       0x80 Drivers/STM32F0xx_HAL_Driver/Src/stm32f0xx_hal_rcc.o
 .comment       0x0000007f       0x80 Drivers/STM32F0xx_HAL_Driver/Src/stm32f0xx_hal_rcc_ex.o
 .comment       0x0000007f       0x80 Drivers/STM32F0xx_HAL_Driver/Src/stm32f0xx_hal_spi.o
 .comment       0x0000007f       0x80 Drivers/STM32F0xx_HAL_Driver/Src/stm32f0xx_hal_tim.o
 .comment       0x0000007f       0x80 Drivers/STM32F0xx_HAL_Driver/Src/stm32f0xx_hal_tim_ex.o
 .comment       0x0000007f       0x80 Menuitems/menu_l0_intro.o
 .comment       0x0000007f       0x80 Menuitems/menu_l1_top.o
 .comment       0x0000007f       0x80 Src/LSYS_logic.o
 .comment       0x0000007f       0x80 Src/flora_BSP.o
 .comment       0x0000007f       0x80 Src/main.o
 .comment       0x0000007f       0x80 Src/stm32f0xx_hal_msp.o
 .comment       0x0000007f       0x80 Src/stm32f0xx_it.o
 .comment       0x0000007f       0x80 Src/system_stm32f0xx.o

.debug_frame    0x00000000     0x2a68
 .debug_frame   0x00000000      0x174 Drivers/STM32F0xx_HAL_Driver/Src/stm32f0xx_hal.o
 .debug_frame   0x00000174       0xe4 Drivers/STM32F0xx_HAL_Driver/Src/stm32f0xx_hal_cortex.o
 .debug_frame   0x00000258      0x168 Drivers/STM32F0xx_HAL_Driver/Src/stm32f0xx_hal_dma.o
 .debug_frame   0x000003c0       0xcc Drivers/STM32F0xx_HAL_Driver/Src/stm32f0xx_hal_gpio.o
 .debug_frame   0x0000048c      0x784 Drivers/STM32F0xx_HAL_Driver/Src/stm32f0xx_hal_i2c.o
 .debug_frame   0x00000c10       0xb0 Drivers/STM32F0xx_HAL_Driver/Src/stm32f0xx_hal_i2c_ex.o
 .debug_frame   0x00000cc0       0x3c Drivers/STM32F0xx_HAL_Driver/Src/stm32f0xx_hal_iwdg.o
 .debug_frame   0x00000cfc       0xd8 Drivers/STM32F0xx_HAL_Driver/Src/stm32f0xx_hal_pwr.o
 .debug_frame   0x00000dd4      0x130 Drivers/STM32F0xx_HAL_Driver/Src/stm32f0xx_hal_rcc.o
 .debug_frame   0x00000f04       0xfc Drivers/STM32F0xx_HAL_Driver/Src/stm32f0xx_hal_rcc_ex.o
 .debug_frame   0x00001000      0x578 Drivers/STM32F0xx_HAL_Driver/Src/stm32f0xx_hal_spi.o
 .debug_frame   0x00001578      0x9cc Drivers/STM32F0xx_HAL_Driver/Src/stm32f0xx_hal_tim.o
 .debug_frame   0x00001f44      0x384 Drivers/STM32F0xx_HAL_Driver/Src/stm32f0xx_hal_tim_ex.o
 .debug_frame   0x000022c8       0x94 Menuitems/menu_l0_intro.o
 .debug_frame   0x0000235c      0x130 Menuitems/menu_l1_top.o
 .debug_frame   0x0000248c       0x48 Src/LSYS_logic.o
 .debug_frame   0x000024d4      0x1a0 Src/flora_BSP.o
 .debug_frame   0x00002674      0x154 Src/main.o
 .debug_frame   0x000027c8       0xe0 Src/stm32f0xx_hal_msp.o
 .debug_frame   0x000028a8       0xd4 Src/stm32f0xx_it.o
 .debug_frame   0x0000297c       0x38 Src/system_stm32f0xx.o
 .debug_frame   0x000029b4       0x20 c:/eclipse/plugins/fr.ac6.mcu.externaltools.arm-none.win32_1.15.0.201708311556/tools/compiler/bin/../lib/gcc/arm-none-eabi/6.3.1/thumb/v6-m\libgcc.a(_udivsi3.o)
 .debug_frame   0x000029d4       0x20 c:/eclipse/plugins/fr.ac6.mcu.externaltools.arm-none.win32_1.15.0.201708311556/tools/compiler/bin/../lib/gcc/arm-none-eabi/6.3.1/thumb/v6-m\libgcc.a(_divsi3.o)
 .debug_frame   0x000029f4       0x2c c:/eclipse/plugins/fr.ac6.mcu.externaltools.arm-none.win32_1.15.0.201708311556/tools/compiler/bin/../lib/gcc/arm-none-eabi/6.3.1/../../../../arm-none-eabi/lib/thumb/v6-m\libc_nano.a(lib_a-init.o)
 .debug_frame   0x00002a20       0x28 c:/eclipse/plugins/fr.ac6.mcu.externaltools.arm-none.win32_1.15.0.201708311556/tools/compiler/bin/../lib/gcc/arm-none-eabi/6.3.1/../../../../arm-none-eabi/lib/thumb/v6-m\libc_nano.a(lib_a-memcpy-stub.o)
 .debug_frame   0x00002a48       0x20 c:/eclipse/plugins/fr.ac6.mcu.externaltools.arm-none.win32_1.15.0.201708311556/tools/compiler/bin/../lib/gcc/arm-none-eabi/6.3.1/../../../../arm-none-eabi/lib/thumb/v6-m\libc_nano.a(lib_a-memset.o)
